
R version 3.6.1 (2019-07-05) -- "Action of the Toes"
Copyright (C) 2019 The R Foundation for Statistical Computing
Platform: x86_64-w64-mingw32/x64 (64-bit)

R is free software and comes with ABSOLUTELY NO WARRANTY.
You are welcome to redistribute it under certain conditions.
Type 'license()' or 'licence()' for distribution details.

  Natural language support but running in an English locale

R is a collaborative project with many contributors.
Type 'contributors()' for more information and
'citation()' on how to cite R or R packages in publications.

Type 'demo()' for some demos, 'help()' for on-line help, or
'help.start()' for an HTML browser interface to help.
Type 'q()' to quit R.

[Previously saved workspace restored]

> ##############################################################################
> # FIPEX_run_DCI_Sectional.r
> write("ERROR",file='out.txt')
> source("FIPEX_output_to_R_input.r")
> FIPEX_output_to_R_input()
Warning messages:
1: In read.table(file = file, header = header, sep = sep, quote = quote,  :
  incomplete final line found by readTableHeader on 'FIPEX_connectivity.csv'
2: In read.table(file = file, header = header, sep = sep, quote = quote,  :
  incomplete final line found by readTableHeader on 'FIPEX_BarrierHabitatLine.csv'
3: In read.table(file = file, header = header, sep = sep, quote = quote,  :
  incomplete final line found by readTableHeader on 'FIPEX_BarrierHabitatLine.csv'
> source("dci_fxs.r")
> x = try(dci_fxs(all_sections=T),silent=TRUE)
Loading required package: graph
Loading required package: BiocGenerics
Loading required package: parallel

Attaching package: 'BiocGenerics'

The following objects are masked from 'package:parallel':

    clusterApply, clusterApplyLB, clusterCall, clusterEvalQ,
    clusterExport, clusterMap, parApply, parCapply, parLapply,
    parLapplyLB, parRapply, parSapply, parSapplyLB

The following objects are masked from 'package:stats':

    IQR, mad, sd, var, xtabs

The following objects are masked from 'package:base':

    anyDuplicated, append, as.data.frame, basename, cbind, colnames,
    dirname, do.call, duplicated, eval, evalq, Filter, Find, get, grep,
    grepl, intersect, is.unsorted, lapply, Map, mapply, match, mget,
    order, paste, pmax, pmax.int, pmin, pmin.int, Position, rank,
    rbind, Reduce, rownames, sapply, setdiff, sort, table, tapply,
    union, unique, unsplit, which, which.max, which.min

Loading required package: grid
  DCIp DCId
1   66   75
> if(class(x)=='data.frame' | class(x)=='list'){
+   write.table(x,file='out.txt')
+ } else{
+   write("ERROR",file='out.txt')
+ }
> 
> proc.time()
   user  system elapsed 
   1.10    0.18    1.42 
